// Jest Snapshot v1, https://goo.gl/fbAQLP

exports[`Products should render correctly 1`] = `
<div
  className="flex flex-1 w-full items-center justify-between"
>
  <div
    className="flex items-center"
  >
    <h6
      className="MuiTypography-root hidden sm:flex mx-0 sm:mx-12 MuiTypography-h6"
      data-cy="cy-product-title"
      style={
        Object {
          "visibility": "hidden",
        }
      }
    >
      Update
       Product
    </h6>
  </div>
  <a
    aria-disabled={false}
    className="MuiButtonBase-root MuiButton-root MuiButton-contained whitespace-no-wrap normal-case MuiButton-containedSecondary"
    data-cy="cy-product-back-button"
    href="/products"
    onBlur={[Function]}
    onClick={[Function]}
    onDragLeave={[Function]}
    onFocus={[Function]}
    onKeyDown={[Function]}
    onKeyUp={[Function]}
    onMouseDown={[Function]}
    onMouseLeave={[Function]}
    onMouseUp={[Function]}
    onTouchEnd={[Function]}
    onTouchMove={[Function]}
    onTouchStart={[Function]}
    role="button"
    style={
      Object {
        "visibility": "hidden",
      }
    }
    tabIndex={0}
  >
    <span
      className="MuiButton-label"
    >
      <span
        className="flex"
      >
        Back
      </span>
    </span>
  </a>
</div>
`;
