// Jest Snapshot v1, https://goo.gl/fbAQLP

exports[`Products should render correctly 1`] = `
<div
  className="flex flex-1 w-full items-center justify-between"
>
  <div
    className="flex flex-col items-start max-w-full"
  >
    <a
      className="MuiTypography-root normal-case flex items-center sm:mb-12 MuiTypography-body1 MuiTypography-colorInherit"
      href="/products"
      onClick={[Function]}
      role="button"
      style={
        Object {
          "visibility": "hidden",
        }
      }
    >
      <span
        aria-hidden={true}
        className="material-icons MuiIcon-root text-20"
      >
        arrow_back
      </span>
      <span
        className="mx-4"
      >
        Products
      </span>
    </a>
    <div
      className="flex items-center max-w-full"
    >
      <img
        alt="Orion An"
        className="w-32 sm:w-48 rounded"
        src="https://test.png"
        style={
          Object {
            "visibility": "hidden",
          }
        }
      />
      <div
        className="flex flex-col min-w-0 mx-8 sm:mc-16"
      >
        <p
          className="MuiTypography-root text-16 sm:text-20 truncate MuiTypography-body1"
          style={
            Object {
              "visibility": "hidden",
            }
          }
        >
          Orion An
        </p>
        <span
          className="MuiTypography-root MuiTypography-caption"
          style={
            Object {
              "visibility": "hidden",
            }
          }
        >
          Product Detail
        </span>
      </div>
    </div>
  </div>
  <button
    className="MuiButtonBase-root MuiButton-root MuiButton-contained whitespace-no-wrap normal-case MuiButton-containedSecondary Mui-disabled Mui-disabled"
    disabled={true}
    onBlur={[Function]}
    onClick={[Function]}
    onDragLeave={[Function]}
    onFocus={[Function]}
    onKeyDown={[Function]}
    onKeyUp={[Function]}
    onMouseDown={[Function]}
    onMouseLeave={[Function]}
    onMouseUp={[Function]}
    onTouchEnd={[Function]}
    onTouchMove={[Function]}
    onTouchStart={[Function]}
    style={
      Object {
        "visibility": "hidden",
      }
    }
    tabIndex={-1}
    type="button"
  >
    <span
      className="MuiButton-label"
    >
      Save
    </span>
  </button>
</div>
`;

exports[`Products should render correctly 2`] = `
<div
  className="p-16 sm:p-24 max-w-2xl"
>
  <div>
    <div
      className="MuiFormControl-root MuiTextField-root mt-8 mb-16 MuiFormControl-fullWidth"
    >
      <label
        className="MuiFormLabel-root MuiInputLabel-root MuiInputLabel-formControl MuiInputLabel-animated MuiInputLabel-shrink MuiInputLabel-outlined MuiFormLabel-filled Mui-required Mui-required"
        data-shrink={true}
        htmlFor="name"
        id="name-label"
      >
        Name
        <span
          className="MuiFormLabel-asterisk MuiInputLabel-asterisk"
        >
           
          *
        </span>
      </label>
      <div
        className="MuiInputBase-root MuiOutlinedInput-root MuiInputBase-fullWidth MuiInputBase-formControl"
        onClick={[Function]}
      >
        <input
          aria-invalid={false}
          autoFocus={true}
          className="MuiInputBase-input MuiOutlinedInput-input"
          disabled={false}
          id="name"
          name="name"
          onAnimationStart={[Function]}
          onBlur={[Function]}
          onChange={[Function]}
          onFocus={[Function]}
          required={true}
          type="text"
          value="Orion An"
        />
        <fieldset
          aria-hidden={true}
          className="PrivateNotchedOutline-root-1 MuiOutlinedInput-notchedOutline"
        >
          <legend
            className="PrivateNotchedOutline-legendLabelled-3 PrivateNotchedOutline-legendNotched-4"
          >
            <span>
              Name
               *
            </span>
          </legend>
        </fieldset>
      </div>
    </div>
    <div
      className="MuiFormControl-root MuiTextField-root mt-8 mb-16 MuiFormControl-fullWidth"
    >
      <label
        className="MuiFormLabel-root MuiInputLabel-root MuiInputLabel-formControl MuiInputLabel-animated MuiInputLabel-shrink MuiInputLabel-outlined MuiFormLabel-filled"
        data-shrink={true}
        htmlFor="description"
        id="description-label"
      >
        Description
      </label>
      <div
        className="MuiInputBase-root MuiOutlinedInput-root MuiInputBase-fullWidth MuiInputBase-formControl MuiInputBase-multiline MuiOutlinedInput-multiline"
        onClick={[Function]}
      >
        <textarea
          aria-invalid={false}
          autoFocus={false}
          className="MuiInputBase-input MuiOutlinedInput-input MuiInputBase-inputMultiline MuiOutlinedInput-inputMultiline"
          disabled={false}
          id="description"
          name="description"
          onAnimationStart={[Function]}
          onBlur={[Function]}
          onChange={[Function]}
          onFocus={[Function]}
          required={false}
          rows={5}
          value="testaseasdfsdf asdfasf sdfasfs asdfsaf"
        />
        <fieldset
          aria-hidden={true}
          className="PrivateNotchedOutline-root-1 MuiOutlinedInput-notchedOutline"
        >
          <legend
            className="PrivateNotchedOutline-legendLabelled-3 PrivateNotchedOutline-legendNotched-4"
          >
            <span>
              Description
            </span>
          </legend>
        </fieldset>
      </div>
    </div>
    <div
      className="mt-8 mb-24 css-2b097c-container"
      onKeyDown={[Function]}
    >
      <div
        className="MuiFormControl-root MuiTextField-root makeStyles-root-5 outlined MuiFormControl-fullWidth"
      >
        <label
          className="MuiFormLabel-root MuiInputLabel-root MuiInputLabel-formControl MuiInputLabel-animated MuiInputLabel-shrink MuiInputLabel-outlined"
          data-shrink={true}
        >
          Categories
        </label>
        <div
          className="MuiInputBase-root MuiOutlinedInput-root MuiInputBase-fullWidth MuiInputBase-formControl"
          onClick={[Function]}
        >
          <div
            aria-invalid={false}
            autoFocus={false}
            className="MuiInputBase-input MuiOutlinedInput-input makeStyles-input-6"
            disabled={false}
            onAnimationStart={[Function]}
            onBlur={[Function]}
            onChange={[Function]}
            onFocus={[Function]}
            onMouseDown={[Function]}
            onTouchEnd={[Function]}
            required={false}
            type="text"
          >
            <div
              className="makeStyles-valueContainer-7"
            >
              <div
                className="MuiChip-root makeStyles-chip-8 MuiChip-deletable"
                onKeyUp={[Function]}
                role="button"
                tabIndex={-1}
              >
                <span
                  className="MuiChip-label"
                >
                  test
                </span>
                <svg
                  aria-hidden="true"
                  className="MuiSvgIcon-root MuiChip-deleteIcon"
                  focusable="false"
                  onClick={[Function]}
                  role="presentation"
                  viewBox="0 0 24 24"
                >
                  <path
                    d="M12 2C6.47 2 2 6.47 2 12s4.47 10 10 10 10-4.47 10-10S17.53 2 12 2zm5 13.59L15.59 17 12 13.41 8.41 17 7 15.59 10.59 12 7 8.41 8.41 7 12 10.59 15.59 7 17 8.41 13.41 12 17 15.59z"
                  />
                </svg>
              </div>
              <div
                className="css-b8ldur-Input"
              >
                <div
                  className="fuse-chip-select__input"
                  style={
                    Object {
                      "display": "inline-block",
                    }
                  }
                >
                  <input
                    aria-autocomplete="list"
                    autoCapitalize="none"
                    autoComplete="off"
                    autoCorrect="off"
                    disabled={false}
                    id="react-select-2-input"
                    onBlur={[Function]}
                    onChange={[Function]}
                    onFocus={[Function]}
                    spellCheck="false"
                    style={
                      Object {
                        "background": 0,
                        "border": 0,
                        "boxSizing": "content-box",
                        "color": "inherit",
                        "fontSize": "inherit",
                        "label": "input",
                        "opacity": 1,
                        "outline": 0,
                        "padding": 0,
                        "width": "1px",
                      }
                    }
                    tabIndex="0"
                    type="text"
                    value=""
                  />
                  <div
                    style={
                      Object {
                        "height": 0,
                        "left": 0,
                        "overflow": "scroll",
                        "position": "absolute",
                        "top": 0,
                        "visibility": "hidden",
                        "whiteSpace": "pre",
                      }
                    }
                  >
                    
                  </div>
                </div>
              </div>
            </div>
            <div
              className="fuse-chip-select__indicators css-1hb7zxy-IndicatorsContainer"
            >
              <div
                aria-hidden="true"
                className="fuse-chip-select__indicator fuse-chip-select__clear-indicator css-tlfecz-indicatorContainer"
                onMouseDown={[Function]}
                onTouchEnd={[Function]}
              >
                <svg
                  aria-hidden="true"
                  className="css-6q0nyr-Svg"
                  focusable="false"
                  height={20}
                  viewBox="0 0 20 20"
                  width={20}
                >
                  <path
                    d="M14.348 14.849c-0.469 0.469-1.229 0.469-1.697 0l-2.651-3.030-2.651 3.029c-0.469 0.469-1.229 0.469-1.697 0-0.469-0.469-0.469-1.229 0-1.697l2.758-3.15-2.759-3.152c-0.469-0.469-0.469-1.228 0-1.697s1.228-0.469 1.697 0l2.652 3.031 2.651-3.031c0.469-0.469 1.228-0.469 1.697 0s0.469 1.229 0 1.697l-2.758 3.152 2.758 3.15c0.469 0.469 0.469 1.229 0 1.698z"
                  />
                </svg>
              </div>
              <span
                className="fuse-chip-select__indicator-separator css-1okebmr-indicatorSeparator"
              />
              <div
                aria-hidden="true"
                className="fuse-chip-select__indicator fuse-chip-select__dropdown-indicator css-tlfecz-indicatorContainer"
                onMouseDown={[Function]}
                onTouchEnd={[Function]}
              >
                <svg
                  aria-hidden="true"
                  className="css-6q0nyr-Svg"
                  focusable="false"
                  height={20}
                  viewBox="0 0 20 20"
                  width={20}
                >
                  <path
                    d="M4.516 7.548c0.436-0.446 1.043-0.481 1.576 0l3.908 3.747 3.908-3.747c0.533-0.481 1.141-0.446 1.574 0 0.436 0.445 0.408 1.197 0 1.615-0.406 0.418-4.695 4.502-4.695 4.502-0.217 0.223-0.502 0.335-0.787 0.335s-0.57-0.112-0.789-0.335c0 0-4.287-4.084-4.695-4.502s-0.436-1.17 0-1.615z"
                  />
                </svg>
              </div>
            </div>
          </div>
          <fieldset
            aria-hidden={true}
            className="PrivateNotchedOutline-root-1 MuiOutlinedInput-notchedOutline"
          >
            <legend
              className="PrivateNotchedOutline-legendLabelled-3 PrivateNotchedOutline-legendNotched-4"
            >
              <span>
                Categories
              </span>
            </legend>
          </fieldset>
        </div>
      </div>
    </div>
    <div
      className="mt-8 mb-16 css-2b097c-container"
      onKeyDown={[Function]}
    >
      <div
        className="MuiFormControl-root MuiTextField-root makeStyles-root-5 outlined MuiFormControl-fullWidth"
      >
        <label
          className="MuiFormLabel-root MuiInputLabel-root MuiInputLabel-formControl MuiInputLabel-animated MuiInputLabel-shrink MuiInputLabel-outlined"
          data-shrink={true}
        >
          Tags
        </label>
        <div
          className="MuiInputBase-root MuiOutlinedInput-root MuiInputBase-fullWidth MuiInputBase-formControl"
          onClick={[Function]}
        >
          <div
            aria-invalid={false}
            autoFocus={false}
            className="MuiInputBase-input MuiOutlinedInput-input makeStyles-input-6"
            disabled={false}
            onAnimationStart={[Function]}
            onBlur={[Function]}
            onChange={[Function]}
            onFocus={[Function]}
            onMouseDown={[Function]}
            onTouchEnd={[Function]}
            required={false}
            type="text"
          >
            <div
              className="makeStyles-valueContainer-7"
            >
              <div
                className="MuiChip-root makeStyles-chip-8 MuiChip-deletable"
                onKeyUp={[Function]}
                role="button"
                tabIndex={-1}
              >
                <span
                  className="MuiChip-label"
                >
                  test
                </span>
                <svg
                  aria-hidden="true"
                  className="MuiSvgIcon-root MuiChip-deleteIcon"
                  focusable="false"
                  onClick={[Function]}
                  role="presentation"
                  viewBox="0 0 24 24"
                >
                  <path
                    d="M12 2C6.47 2 2 6.47 2 12s4.47 10 10 10 10-4.47 10-10S17.53 2 12 2zm5 13.59L15.59 17 12 13.41 8.41 17 7 15.59 10.59 12 7 8.41 8.41 7 12 10.59 15.59 7 17 8.41 13.41 12 17 15.59z"
                  />
                </svg>
              </div>
              <div
                className="css-b8ldur-Input"
              >
                <div
                  className="fuse-chip-select__input"
                  style={
                    Object {
                      "display": "inline-block",
                    }
                  }
                >
                  <input
                    aria-autocomplete="list"
                    autoCapitalize="none"
                    autoComplete="off"
                    autoCorrect="off"
                    disabled={false}
                    id="react-select-3-input"
                    onBlur={[Function]}
                    onChange={[Function]}
                    onFocus={[Function]}
                    spellCheck="false"
                    style={
                      Object {
                        "background": 0,
                        "border": 0,
                        "boxSizing": "content-box",
                        "color": "inherit",
                        "fontSize": "inherit",
                        "label": "input",
                        "opacity": 1,
                        "outline": 0,
                        "padding": 0,
                        "width": "1px",
                      }
                    }
                    tabIndex="0"
                    type="text"
                    value=""
                  />
                  <div
                    style={
                      Object {
                        "height": 0,
                        "left": 0,
                        "overflow": "scroll",
                        "position": "absolute",
                        "top": 0,
                        "visibility": "hidden",
                        "whiteSpace": "pre",
                      }
                    }
                  >
                    
                  </div>
                </div>
              </div>
            </div>
            <div
              className="fuse-chip-select__indicators css-1hb7zxy-IndicatorsContainer"
            >
              <div
                aria-hidden="true"
                className="fuse-chip-select__indicator fuse-chip-select__clear-indicator css-tlfecz-indicatorContainer"
                onMouseDown={[Function]}
                onTouchEnd={[Function]}
              >
                <svg
                  aria-hidden="true"
                  className="css-6q0nyr-Svg"
                  focusable="false"
                  height={20}
                  viewBox="0 0 20 20"
                  width={20}
                >
                  <path
                    d="M14.348 14.849c-0.469 0.469-1.229 0.469-1.697 0l-2.651-3.030-2.651 3.029c-0.469 0.469-1.229 0.469-1.697 0-0.469-0.469-0.469-1.229 0-1.697l2.758-3.15-2.759-3.152c-0.469-0.469-0.469-1.228 0-1.697s1.228-0.469 1.697 0l2.652 3.031 2.651-3.031c0.469-0.469 1.228-0.469 1.697 0s0.469 1.229 0 1.697l-2.758 3.152 2.758 3.15c0.469 0.469 0.469 1.229 0 1.698z"
                  />
                </svg>
              </div>
              <span
                className="fuse-chip-select__indicator-separator css-1okebmr-indicatorSeparator"
              />
              <div
                aria-hidden="true"
                className="fuse-chip-select__indicator fuse-chip-select__dropdown-indicator css-tlfecz-indicatorContainer"
                onMouseDown={[Function]}
                onTouchEnd={[Function]}
              >
                <svg
                  aria-hidden="true"
                  className="css-6q0nyr-Svg"
                  focusable="false"
                  height={20}
                  viewBox="0 0 20 20"
                  width={20}
                >
                  <path
                    d="M4.516 7.548c0.436-0.446 1.043-0.481 1.576 0l3.908 3.747 3.908-3.747c0.533-0.481 1.141-0.446 1.574 0 0.436 0.445 0.408 1.197 0 1.615-0.406 0.418-4.695 4.502-4.695 4.502-0.217 0.223-0.502 0.335-0.787 0.335s-0.57-0.112-0.789-0.335c0 0-4.287-4.084-4.695-4.502s-0.436-1.17 0-1.615z"
                  />
                </svg>
              </div>
            </div>
          </div>
          <fieldset
            aria-hidden={true}
            className="PrivateNotchedOutline-root-1 MuiOutlinedInput-notchedOutline"
          >
            <legend
              className="PrivateNotchedOutline-legendLabelled-3 PrivateNotchedOutline-legendNotched-4"
            >
              <span>
                Tags
              </span>
            </legend>
          </fieldset>
        </div>
      </div>
    </div>
  </div>
  <div>
    <div
      className="flex justify-center sm:justify-start flex-wrap -mx-8"
    >
      <label
        className="flex items-center justify-center relative w-128 h-128 rounded-4 mx-8 mb-16 overflow-hidden cursor-pointer shadow-1 hover:shadow-5"
        htmlFor="button-file"
      >
        <input
          accept="image/*"
          className="hidden"
          id="button-file"
          onChange={[MockFunction]}
          type="file"
        />
        <span
          aria-hidden={true}
          className="material-icons MuiIcon-root MuiIcon-colorAction MuiIcon-fontSizeLarge"
        >
          cloud_upload
        </span>
      </label>
      <div
        className="flex items-center justify-center relative w-128 h-128 rounded-4 mx-8 mb-16 overflow-hidden cursor-pointer shadow-1 hover:shadow-5 featured"
        onClick={[Function]}
        onKeyDown={[Function]}
        role="button"
        tabIndex={0}
      >
        <span
          aria-hidden={true}
          className="material-icons MuiIcon-root"
        >
          star
        </span>
        <img
          alt="product"
          className="max-w-none w-auto h-full"
          src="https://test.png"
        />
      </div>
    </div>
  </div>
  <div>
    <div
      className="MuiFormControl-root MuiTextField-root mt-8 mb-16 MuiFormControl-fullWidth"
    >
      <label
        className="MuiFormLabel-root MuiInputLabel-root MuiInputLabel-formControl MuiInputLabel-animated MuiInputLabel-shrink MuiInputLabel-outlined MuiFormLabel-filled"
        data-shrink={true}
        htmlFor="priceTaxExcl"
        id="priceTaxExcl-label"
      >
        Tax Excluded Price
      </label>
      <div
        className="MuiInputBase-root MuiOutlinedInput-root MuiInputBase-fullWidth MuiInputBase-formControl MuiInputBase-adornedStart MuiOutlinedInput-adornedStart"
        onClick={[Function]}
      >
        <div
          className="MuiInputAdornment-root MuiInputAdornment-positionStart"
        >
          <p
            className="MuiTypography-root MuiTypography-body1 MuiTypography-colorTextSecondary"
          >
            $
          </p>
        </div>
        <input
          aria-invalid={false}
          autoFocus={true}
          className="MuiInputBase-input MuiOutlinedInput-input MuiInputBase-inputAdornedStart MuiOutlinedInput-inputAdornedStart"
          disabled={false}
          id="priceTaxExcl"
          name="priceTaxExcl"
          onAnimationStart={[Function]}
          onBlur={[Function]}
          onChange={[Function]}
          onFocus={[Function]}
          required={false}
          type="number"
          value="11"
        />
        <fieldset
          aria-hidden={true}
          className="PrivateNotchedOutline-root-1 MuiOutlinedInput-notchedOutline"
        >
          <legend
            className="PrivateNotchedOutline-legendLabelled-3 PrivateNotchedOutline-legendNotched-4"
          >
            <span>
              Tax Excluded Price
            </span>
          </legend>
        </fieldset>
      </div>
    </div>
    <div
      className="MuiFormControl-root MuiTextField-root mt-8 mb-16 MuiFormControl-fullWidth"
    >
      <label
        className="MuiFormLabel-root MuiInputLabel-root MuiInputLabel-formControl MuiInputLabel-animated MuiInputLabel-shrink MuiInputLabel-outlined MuiFormLabel-filled"
        data-shrink={true}
        htmlFor="priceTaxIncl"
        id="priceTaxIncl-label"
      >
        Tax Included Price
      </label>
      <div
        className="MuiInputBase-root MuiOutlinedInput-root MuiInputBase-fullWidth MuiInputBase-formControl MuiInputBase-adornedStart MuiOutlinedInput-adornedStart"
        onClick={[Function]}
      >
        <div
          className="MuiInputAdornment-root MuiInputAdornment-positionStart"
        >
          <p
            className="MuiTypography-root MuiTypography-body1 MuiTypography-colorTextSecondary"
          >
            $
          </p>
        </div>
        <input
          aria-invalid={false}
          autoFocus={false}
          className="MuiInputBase-input MuiOutlinedInput-input MuiInputBase-inputAdornedStart MuiOutlinedInput-inputAdornedStart"
          disabled={false}
          id="priceTaxIncl"
          name="priceTaxIncl"
          onAnimationStart={[Function]}
          onBlur={[Function]}
          onChange={[Function]}
          onFocus={[Function]}
          required={false}
          type="number"
          value="11"
        />
        <fieldset
          aria-hidden={true}
          className="PrivateNotchedOutline-root-1 MuiOutlinedInput-notchedOutline"
        >
          <legend
            className="PrivateNotchedOutline-legendLabelled-3 PrivateNotchedOutline-legendNotched-4"
          >
            <span>
              Tax Included Price
            </span>
          </legend>
        </fieldset>
      </div>
    </div>
    <div
      className="MuiFormControl-root MuiTextField-root mt-8 mb-16 MuiFormControl-fullWidth"
    >
      <label
        className="MuiFormLabel-root MuiInputLabel-root MuiInputLabel-formControl MuiInputLabel-animated MuiInputLabel-shrink MuiInputLabel-outlined MuiFormLabel-filled"
        data-shrink={true}
        htmlFor="taxRate"
        id="taxRate-label"
      >
        Tax Rate
      </label>
      <div
        className="MuiInputBase-root MuiOutlinedInput-root MuiInputBase-fullWidth MuiInputBase-formControl MuiInputBase-adornedStart MuiOutlinedInput-adornedStart"
        onClick={[Function]}
      >
        <div
          className="MuiInputAdornment-root MuiInputAdornment-positionStart"
        >
          <p
            className="MuiTypography-root MuiTypography-body1 MuiTypography-colorTextSecondary"
          >
            $
          </p>
        </div>
        <input
          aria-invalid={false}
          autoFocus={false}
          className="MuiInputBase-input MuiOutlinedInput-input MuiInputBase-inputAdornedStart MuiOutlinedInput-inputAdornedStart"
          disabled={false}
          id="taxRate"
          name="taxRate"
          onAnimationStart={[Function]}
          onBlur={[Function]}
          onChange={[Function]}
          onFocus={[Function]}
          required={false}
          type="number"
          value="11"
        />
        <fieldset
          aria-hidden={true}
          className="PrivateNotchedOutline-root-1 MuiOutlinedInput-notchedOutline"
        >
          <legend
            className="PrivateNotchedOutline-legendLabelled-3 PrivateNotchedOutline-legendNotched-4"
          >
            <span>
              Tax Rate
            </span>
          </legend>
        </fieldset>
      </div>
    </div>
    <div
      className="MuiFormControl-root MuiTextField-root mt-8 mb-16 MuiFormControl-fullWidth"
    >
      <label
        className="MuiFormLabel-root MuiInputLabel-root MuiInputLabel-formControl MuiInputLabel-animated MuiInputLabel-shrink MuiInputLabel-outlined MuiFormLabel-filled"
        data-shrink={true}
        htmlFor="comparedPrice"
        id="comparedPrice-label"
      >
        Compared Price
      </label>
      <div
        className="MuiInputBase-root MuiOutlinedInput-root MuiInputBase-fullWidth MuiInputBase-formControl MuiInputBase-adornedStart MuiOutlinedInput-adornedStart"
        onClick={[Function]}
      >
        <div
          className="MuiInputAdornment-root MuiInputAdornment-positionStart"
        >
          <p
            className="MuiTypography-root MuiTypography-body1 MuiTypography-colorTextSecondary"
          >
            $
          </p>
        </div>
        <input
          aria-describedby="comparedPrice-helper-text"
          aria-invalid={false}
          autoFocus={false}
          className="MuiInputBase-input MuiOutlinedInput-input MuiInputBase-inputAdornedStart MuiOutlinedInput-inputAdornedStart"
          disabled={false}
          id="comparedPrice"
          name="comparedPrice"
          onAnimationStart={[Function]}
          onBlur={[Function]}
          onChange={[Function]}
          onFocus={[Function]}
          required={false}
          type="number"
          value="11"
        />
        <fieldset
          aria-hidden={true}
          className="PrivateNotchedOutline-root-1 MuiOutlinedInput-notchedOutline"
        >
          <legend
            className="PrivateNotchedOutline-legendLabelled-3 PrivateNotchedOutline-legendNotched-4"
          >
            <span>
              Compared Price
            </span>
          </legend>
        </fieldset>
      </div>
      <p
        className="MuiFormHelperText-root MuiFormHelperText-contained MuiFormHelperText-filled"
        id="comparedPrice-helper-text"
      >
        Add a compare price to show next to the real price
      </p>
    </div>
  </div>
  <div>
    <div
      className="MuiFormControl-root MuiTextField-root mt-8 mb-16 MuiFormControl-fullWidth"
    >
      <label
        className="MuiFormLabel-root MuiInputLabel-root MuiInputLabel-formControl MuiInputLabel-animated MuiInputLabel-shrink MuiInputLabel-outlined MuiFormLabel-filled Mui-required Mui-required"
        data-shrink={true}
        htmlFor="sku"
        id="sku-label"
      >
        SKU
        <span
          className="MuiFormLabel-asterisk MuiInputLabel-asterisk"
        >
           
          *
        </span>
      </label>
      <div
        className="MuiInputBase-root MuiOutlinedInput-root MuiInputBase-fullWidth MuiInputBase-formControl"
        onClick={[Function]}
      >
        <input
          aria-invalid={false}
          autoFocus={true}
          className="MuiInputBase-input MuiOutlinedInput-input"
          disabled={false}
          id="sku"
          name="sku"
          onAnimationStart={[Function]}
          onBlur={[Function]}
          onChange={[Function]}
          onFocus={[Function]}
          required={true}
          type="text"
          value="132123"
        />
        <fieldset
          aria-hidden={true}
          className="PrivateNotchedOutline-root-1 MuiOutlinedInput-notchedOutline"
        >
          <legend
            className="PrivateNotchedOutline-legendLabelled-3 PrivateNotchedOutline-legendNotched-4"
          >
            <span>
              SKU
               *
            </span>
          </legend>
        </fieldset>
      </div>
    </div>
    <div
      className="MuiFormControl-root MuiTextField-root mt-8 mb-16 MuiFormControl-fullWidth"
    >
      <label
        className="MuiFormLabel-root MuiInputLabel-root MuiInputLabel-formControl MuiInputLabel-animated MuiInputLabel-shrink MuiInputLabel-outlined MuiFormLabel-filled"
        data-shrink={true}
        htmlFor="quantity"
        id="quantity-label"
      >
        Quantity
      </label>
      <div
        className="MuiInputBase-root MuiOutlinedInput-root MuiInputBase-fullWidth MuiInputBase-formControl"
        onClick={[Function]}
      >
        <input
          aria-invalid={false}
          autoFocus={false}
          className="MuiInputBase-input MuiOutlinedInput-input"
          disabled={false}
          id="quantity"
          name="quantity"
          onAnimationStart={[Function]}
          onBlur={[Function]}
          onChange={[Function]}
          onFocus={[Function]}
          required={false}
          type="number"
          value="1"
        />
        <fieldset
          aria-hidden={true}
          className="PrivateNotchedOutline-root-1 MuiOutlinedInput-notchedOutline"
        >
          <legend
            className="PrivateNotchedOutline-legendLabelled-3 PrivateNotchedOutline-legendNotched-4"
          >
            <span>
              Quantity
            </span>
          </legend>
        </fieldset>
      </div>
    </div>
  </div>
  <div>
    <div
      className="flex -mx-4"
    >
      <div
        className="MuiFormControl-root MuiTextField-root mt-8 mb-16 mx-4 MuiFormControl-fullWidth"
      >
        <label
          className="MuiFormLabel-root MuiInputLabel-root MuiInputLabel-formControl MuiInputLabel-animated MuiInputLabel-shrink MuiInputLabel-outlined MuiFormLabel-filled"
          data-shrink={true}
          htmlFor="width"
          id="width-label"
        >
          Width
        </label>
        <div
          className="MuiInputBase-root MuiOutlinedInput-root MuiInputBase-fullWidth MuiInputBase-formControl"
          onClick={[Function]}
        >
          <input
            aria-invalid={false}
            autoFocus={true}
            className="MuiInputBase-input MuiOutlinedInput-input"
            disabled={false}
            id="width"
            name="width"
            onAnimationStart={[Function]}
            onBlur={[Function]}
            onChange={[Function]}
            onFocus={[Function]}
            required={false}
            type="text"
            value="1"
          />
          <fieldset
            aria-hidden={true}
            className="PrivateNotchedOutline-root-1 MuiOutlinedInput-notchedOutline"
          >
            <legend
              className="PrivateNotchedOutline-legendLabelled-3 PrivateNotchedOutline-legendNotched-4"
            >
              <span>
                Width
              </span>
            </legend>
          </fieldset>
        </div>
      </div>
      <div
        className="MuiFormControl-root MuiTextField-root mt-8 mb-16 mx-4 MuiFormControl-fullWidth"
      >
        <label
          className="MuiFormLabel-root MuiInputLabel-root MuiInputLabel-formControl MuiInputLabel-animated MuiInputLabel-shrink MuiInputLabel-outlined MuiFormLabel-filled"
          data-shrink={true}
          htmlFor="height"
          id="height-label"
        >
          Height
        </label>
        <div
          className="MuiInputBase-root MuiOutlinedInput-root MuiInputBase-fullWidth MuiInputBase-formControl"
          onClick={[Function]}
        >
          <input
            aria-invalid={false}
            autoFocus={false}
            className="MuiInputBase-input MuiOutlinedInput-input"
            disabled={false}
            id="height"
            name="height"
            onAnimationStart={[Function]}
            onBlur={[Function]}
            onChange={[Function]}
            onFocus={[Function]}
            required={false}
            type="text"
            value="1"
          />
          <fieldset
            aria-hidden={true}
            className="PrivateNotchedOutline-root-1 MuiOutlinedInput-notchedOutline"
          >
            <legend
              className="PrivateNotchedOutline-legendLabelled-3 PrivateNotchedOutline-legendNotched-4"
            >
              <span>
                Height
              </span>
            </legend>
          </fieldset>
        </div>
      </div>
      <div
        className="MuiFormControl-root MuiTextField-root mt-8 mb-16 mx-4 MuiFormControl-fullWidth"
      >
        <label
          className="MuiFormLabel-root MuiInputLabel-root MuiInputLabel-formControl MuiInputLabel-animated MuiInputLabel-shrink MuiInputLabel-outlined MuiFormLabel-filled"
          data-shrink={true}
          htmlFor="depth"
          id="depth-label"
        >
          Depth
        </label>
        <div
          className="MuiInputBase-root MuiOutlinedInput-root MuiInputBase-fullWidth MuiInputBase-formControl"
          onClick={[Function]}
        >
          <input
            aria-invalid={false}
            autoFocus={false}
            className="MuiInputBase-input MuiOutlinedInput-input"
            disabled={false}
            id="depth"
            name="depth"
            onAnimationStart={[Function]}
            onBlur={[Function]}
            onChange={[Function]}
            onFocus={[Function]}
            required={false}
            type="text"
            value="1"
          />
          <fieldset
            aria-hidden={true}
            className="PrivateNotchedOutline-root-1 MuiOutlinedInput-notchedOutline"
          >
            <legend
              className="PrivateNotchedOutline-legendLabelled-3 PrivateNotchedOutline-legendNotched-4"
            >
              <span>
                Depth
              </span>
            </legend>
          </fieldset>
        </div>
      </div>
    </div>
    <div
      className="MuiFormControl-root MuiTextField-root mt-8 mb-16 MuiFormControl-fullWidth"
    >
      <label
        className="MuiFormLabel-root MuiInputLabel-root MuiInputLabel-formControl MuiInputLabel-animated MuiInputLabel-shrink MuiInputLabel-outlined MuiFormLabel-filled"
        data-shrink={true}
        htmlFor="weight"
        id="weight-label"
      >
        Weight
      </label>
      <div
        className="MuiInputBase-root MuiOutlinedInput-root MuiInputBase-fullWidth MuiInputBase-formControl"
        onClick={[Function]}
      >
        <input
          aria-invalid={false}
          autoFocus={false}
          className="MuiInputBase-input MuiOutlinedInput-input"
          disabled={false}
          id="weight"
          name="weight"
          onAnimationStart={[Function]}
          onBlur={[Function]}
          onChange={[Function]}
          onFocus={[Function]}
          required={false}
          type="text"
          value="1"
        />
        <fieldset
          aria-hidden={true}
          className="PrivateNotchedOutline-root-1 MuiOutlinedInput-notchedOutline"
        >
          <legend
            className="PrivateNotchedOutline-legendLabelled-3 PrivateNotchedOutline-legendNotched-4"
          >
            <span>
              Weight
            </span>
          </legend>
        </fieldset>
      </div>
    </div>
    <div
      className="MuiFormControl-root MuiTextField-root mt-8 mb-16 MuiFormControl-fullWidth"
    >
      <label
        className="MuiFormLabel-root MuiInputLabel-root MuiInputLabel-formControl MuiInputLabel-animated MuiInputLabel-shrink MuiInputLabel-outlined MuiFormLabel-filled"
        data-shrink={true}
        htmlFor="extraShippingFee"
        id="extraShippingFee-label"
      >
        Extra Shipping Fee
      </label>
      <div
        className="MuiInputBase-root MuiOutlinedInput-root MuiInputBase-fullWidth MuiInputBase-formControl MuiInputBase-adornedStart MuiOutlinedInput-adornedStart"
        onClick={[Function]}
      >
        <div
          className="MuiInputAdornment-root MuiInputAdornment-positionStart"
        >
          <p
            className="MuiTypography-root MuiTypography-body1 MuiTypography-colorTextSecondary"
          >
            $
          </p>
        </div>
        <input
          aria-invalid={false}
          autoFocus={false}
          className="MuiInputBase-input MuiOutlinedInput-input MuiInputBase-inputAdornedStart MuiOutlinedInput-inputAdornedStart"
          disabled={false}
          id="extraShippingFee"
          name="extraShippingFee"
          onAnimationStart={[Function]}
          onBlur={[Function]}
          onChange={[Function]}
          onFocus={[Function]}
          required={false}
          type="text"
          value="1"
        />
        <fieldset
          aria-hidden={true}
          className="PrivateNotchedOutline-root-1 MuiOutlinedInput-notchedOutline"
        >
          <legend
            className="PrivateNotchedOutline-legendLabelled-3 PrivateNotchedOutline-legendNotched-4"
          >
            <span>
              Extra Shipping Fee
            </span>
          </legend>
        </fieldset>
      </div>
    </div>
  </div>
</div>
`;
