// Jest Snapshot v1, https://goo.gl/fbAQLP

exports[`Products should render correctly 1`] = `
<div
  className="flex flex-1 w-full items-center justify-between"
>
  <div
    className="flex items-center"
  >
    <h6
      className="MuiTypography-root hidden sm:flex mx-0 sm:mx-12 MuiTypography-h6"
      data-cy="cy-product-title"
      style={
        Object {
          "visibility": "hidden",
        }
      }
    >
      Update
       Product
    </h6>
  </div>
  <a
    aria-disabled={false}
    className="MuiButtonBase-root MuiButton-root MuiButton-contained whitespace-no-wrap normal-case MuiButton-containedSecondary"
    data-cy="cy-product-back-button"
    href="/products"
    onBlur={[Function]}
    onClick={[Function]}
    onDragLeave={[Function]}
    onFocus={[Function]}
    onKeyDown={[Function]}
    onKeyUp={[Function]}
    onMouseDown={[Function]}
    onMouseLeave={[Function]}
    onMouseUp={[Function]}
    onTouchEnd={[Function]}
    onTouchMove={[Function]}
    onTouchStart={[Function]}
    role="button"
    style={
      Object {
        "visibility": "hidden",
      }
    }
    tabIndex={0}
  >
    <span
      className="MuiButton-label"
    >
      <span
        className="flex"
      >
        Back
      </span>
    </span>
  </a>
</div>
`;

exports[`Products should render correctly 2`] = `
<div
  className="p-16 sm:p-24 max-w-2xl"
>
  <div>
    <div
      className="MuiFormControl-root MuiTextField-root mt-8 mb-16 MuiFormControl-fullWidth"
    >
      <label
        className="MuiFormLabel-root MuiInputLabel-root MuiInputLabel-formControl MuiInputLabel-animated MuiInputLabel-outlined Mui-required Mui-required"
        data-shrink={false}
        htmlFor="name"
        id="name-label"
      >
        Name
        <span
          className="MuiFormLabel-asterisk MuiInputLabel-asterisk"
        >
           
          *
        </span>
      </label>
      <div
        className="MuiInputBase-root MuiOutlinedInput-root MuiInputBase-fullWidth MuiInputBase-formControl"
        onClick={[Function]}
      >
        <input
          aria-invalid={false}
          autoFocus={true}
          className="MuiInputBase-input MuiOutlinedInput-input"
          data-cy="cy-product-input-name"
          disabled={false}
          id="name"
          name="name"
          onAnimationStart={[Function]}
          onBlur={[Function]}
          onChange={[Function]}
          onFocus={[Function]}
          required={true}
          type="text"
          value="Orion An"
        />
        <fieldset
          aria-hidden={true}
          className="PrivateNotchedOutline-root-1 MuiOutlinedInput-notchedOutline"
        >
          <legend
            className="PrivateNotchedOutline-legendLabelled-3"
          >
            <span>
              Name
               *
            </span>
          </legend>
        </fieldset>
      </div>
    </div>
    <div
      className="MuiFormControl-root MuiTextField-root mt-8 mb-16 MuiFormControl-fullWidth"
    >
      <label
        className="MuiFormLabel-root MuiInputLabel-root MuiInputLabel-formControl MuiInputLabel-animated MuiInputLabel-outlined"
        data-shrink={false}
        htmlFor="description"
        id="description-label"
      >
        Description
      </label>
      <div
        className="MuiInputBase-root MuiOutlinedInput-root MuiInputBase-fullWidth MuiInputBase-formControl MuiInputBase-multiline MuiOutlinedInput-multiline"
        onClick={[Function]}
      >
        <textarea
          aria-invalid={false}
          autoFocus={false}
          className="MuiInputBase-input MuiOutlinedInput-input MuiInputBase-inputMultiline MuiOutlinedInput-inputMultiline"
          data-cy="cy-product-input-description"
          disabled={false}
          id="description"
          name="description"
          onAnimationStart={[Function]}
          onBlur={[Function]}
          onChange={[Function]}
          onFocus={[Function]}
          required={false}
          rows={5}
          value="testaseasdfsdf asdfasf sdfasfs asdfsaf"
        />
        <fieldset
          aria-hidden={true}
          className="PrivateNotchedOutline-root-1 MuiOutlinedInput-notchedOutline"
        >
          <legend
            className="PrivateNotchedOutline-legendLabelled-3"
          >
            <span>
              Description
            </span>
          </legend>
        </fieldset>
      </div>
    </div>
    <div
      className="mt-8 mb-24 css-2b097c-container"
      onKeyDown={[Function]}
    >
      <div
        className="MuiFormControl-root MuiTextField-root makeStyles-root-5 outlined MuiFormControl-fullWidth"
        data-cy="cy-product-input-categories"
      >
        <label
          className="MuiFormLabel-root MuiInputLabel-root MuiInputLabel-formControl MuiInputLabel-animated MuiInputLabel-shrink MuiInputLabel-outlined"
          data-shrink={true}
        >
          Categories
        </label>
        <div
          className="MuiInputBase-root MuiOutlinedInput-root MuiInputBase-fullWidth MuiInputBase-formControl"
          data-cy="cy-product-input-categories"
          onClick={[Function]}
        >
          <div
            aria-invalid={false}
            autoFocus={false}
            className="MuiInputBase-input MuiOutlinedInput-input makeStyles-input-6"
            data-cy="cy-product-input-categories"
            disabled={false}
            onAnimationStart={[Function]}
            onBlur={[Function]}
            onChange={[Function]}
            onFocus={[Function]}
            onMouseDown={[Function]}
            onTouchEnd={[Function]}
            required={false}
            type="text"
          >
            <div
              className="makeStyles-valueContainer-7"
            >
              <div
                className="MuiChip-root makeStyles-chip-8 MuiChip-deletable"
                onKeyUp={[Function]}
                role="button"
                tabIndex={-1}
              >
                <span
                  className="MuiChip-label"
                >
                  test
                </span>
                <svg
                  aria-hidden="true"
                  className="MuiSvgIcon-root MuiChip-deleteIcon"
                  focusable="false"
                  onClick={[Function]}
                  role="presentation"
                  viewBox="0 0 24 24"
                >
                  <path
                    d="M12 2C6.47 2 2 6.47 2 12s4.47 10 10 10 10-4.47 10-10S17.53 2 12 2zm5 13.59L15.59 17 12 13.41 8.41 17 7 15.59 10.59 12 7 8.41 8.41 7 12 10.59 15.59 7 17 8.41 13.41 12 17 15.59z"
                  />
                </svg>
              </div>
              <div
                className="css-b8ldur-Input"
              >
                <div
                  className="fuse-chip-select__input"
                  style={
                    Object {
                      "display": "inline-block",
                    }
                  }
                >
                  <input
                    aria-autocomplete="list"
                    autoCapitalize="none"
                    autoComplete="off"
                    autoCorrect="off"
                    disabled={false}
                    id="react-select-2-input"
                    onBlur={[Function]}
                    onChange={[Function]}
                    onFocus={[Function]}
                    spellCheck="false"
                    style={
                      Object {
                        "background": 0,
                        "border": 0,
                        "boxSizing": "content-box",
                        "color": "inherit",
                        "fontSize": "inherit",
                        "label": "input",
                        "opacity": 1,
                        "outline": 0,
                        "padding": 0,
                        "width": "1px",
                      }
                    }
                    tabIndex="0"
                    type="text"
                    value=""
                  />
                  <div
                    style={
                      Object {
                        "height": 0,
                        "left": 0,
                        "overflow": "scroll",
                        "position": "absolute",
                        "top": 0,
                        "visibility": "hidden",
                        "whiteSpace": "pre",
                      }
                    }
                  >
                    
                  </div>
                </div>
              </div>
            </div>
            <div
              className="fuse-chip-select__indicators css-1hb7zxy-IndicatorsContainer"
            >
              <div
                aria-hidden="true"
                className="fuse-chip-select__indicator fuse-chip-select__clear-indicator css-tlfecz-indicatorContainer"
                onMouseDown={[Function]}
                onTouchEnd={[Function]}
              >
                <svg
                  aria-hidden="true"
                  className="css-6q0nyr-Svg"
                  focusable="false"
                  height={20}
                  viewBox="0 0 20 20"
                  width={20}
                >
                  <path
                    d="M14.348 14.849c-0.469 0.469-1.229 0.469-1.697 0l-2.651-3.030-2.651 3.029c-0.469 0.469-1.229 0.469-1.697 0-0.469-0.469-0.469-1.229 0-1.697l2.758-3.15-2.759-3.152c-0.469-0.469-0.469-1.228 0-1.697s1.228-0.469 1.697 0l2.652 3.031 2.651-3.031c0.469-0.469 1.228-0.469 1.697 0s0.469 1.229 0 1.697l-2.758 3.152 2.758 3.15c0.469 0.469 0.469 1.229 0 1.698z"
                  />
                </svg>
              </div>
              <span
                className="fuse-chip-select__indicator-separator css-1okebmr-indicatorSeparator"
              />
              <div
                aria-hidden="true"
                className="fuse-chip-select__indicator fuse-chip-select__dropdown-indicator css-tlfecz-indicatorContainer"
                onMouseDown={[Function]}
                onTouchEnd={[Function]}
              >
                <svg
                  aria-hidden="true"
                  className="css-6q0nyr-Svg"
                  focusable="false"
                  height={20}
                  viewBox="0 0 20 20"
                  width={20}
                >
                  <path
                    d="M4.516 7.548c0.436-0.446 1.043-0.481 1.576 0l3.908 3.747 3.908-3.747c0.533-0.481 1.141-0.446 1.574 0 0.436 0.445 0.408 1.197 0 1.615-0.406 0.418-4.695 4.502-4.695 4.502-0.217 0.223-0.502 0.335-0.787 0.335s-0.57-0.112-0.789-0.335c0 0-4.287-4.084-4.695-4.502s-0.436-1.17 0-1.615z"
                  />
                </svg>
              </div>
            </div>
          </div>
          <fieldset
            aria-hidden={true}
            className="PrivateNotchedOutline-root-1 MuiOutlinedInput-notchedOutline"
          >
            <legend
              className="PrivateNotchedOutline-legendLabelled-3 PrivateNotchedOutline-legendNotched-4"
            >
              <span>
                Categories
              </span>
            </legend>
          </fieldset>
        </div>
      </div>
    </div>
    <div
      className="mt-8 mb-16 css-2b097c-container"
      onKeyDown={[Function]}
    >
      <div
        className="MuiFormControl-root MuiTextField-root makeStyles-root-5 outlined MuiFormControl-fullWidth"
        data-cy="cy-product-input-tags"
      >
        <label
          className="MuiFormLabel-root MuiInputLabel-root MuiInputLabel-formControl MuiInputLabel-animated MuiInputLabel-shrink MuiInputLabel-outlined"
          data-cy="cy-product-input-tags"
          data-shrink={true}
        >
          Tags
        </label>
        <div
          className="MuiInputBase-root MuiOutlinedInput-root MuiInputBase-fullWidth MuiInputBase-formControl"
          data-cy="cy-product-input-tags"
          onClick={[Function]}
        >
          <div
            aria-invalid={false}
            autoFocus={false}
            className="MuiInputBase-input MuiOutlinedInput-input makeStyles-input-6"
            data-cy="cy-product-input-tags"
            disabled={false}
            onAnimationStart={[Function]}
            onBlur={[Function]}
            onChange={[Function]}
            onFocus={[Function]}
            onMouseDown={[Function]}
            onTouchEnd={[Function]}
            required={false}
            type="text"
          >
            <div
              className="makeStyles-valueContainer-7"
            >
              <div
                className="MuiChip-root makeStyles-chip-8 MuiChip-deletable"
                onKeyUp={[Function]}
                role="button"
                tabIndex={-1}
              >
                <span
                  className="MuiChip-label"
                >
                  test
                </span>
                <svg
                  aria-hidden="true"
                  className="MuiSvgIcon-root MuiChip-deleteIcon"
                  focusable="false"
                  onClick={[Function]}
                  role="presentation"
                  viewBox="0 0 24 24"
                >
                  <path
                    d="M12 2C6.47 2 2 6.47 2 12s4.47 10 10 10 10-4.47 10-10S17.53 2 12 2zm5 13.59L15.59 17 12 13.41 8.41 17 7 15.59 10.59 12 7 8.41 8.41 7 12 10.59 15.59 7 17 8.41 13.41 12 17 15.59z"
                  />
                </svg>
              </div>
              <div
                className="css-b8ldur-Input"
              >
                <div
                  className="fuse-chip-select__input"
                  style={
                    Object {
                      "display": "inline-block",
                    }
                  }
                >
                  <input
                    aria-autocomplete="list"
                    autoCapitalize="none"
                    autoComplete="off"
                    autoCorrect="off"
                    disabled={false}
                    id="react-select-3-input"
                    onBlur={[Function]}
                    onChange={[Function]}
                    onFocus={[Function]}
                    spellCheck="false"
                    style={
                      Object {
                        "background": 0,
                        "border": 0,
                        "boxSizing": "content-box",
                        "color": "inherit",
                        "fontSize": "inherit",
                        "label": "input",
                        "opacity": 1,
                        "outline": 0,
                        "padding": 0,
                        "width": "1px",
                      }
                    }
                    tabIndex="0"
                    type="text"
                    value=""
                  />
                  <div
                    style={
                      Object {
                        "height": 0,
                        "left": 0,
                        "overflow": "scroll",
                        "position": "absolute",
                        "top": 0,
                        "visibility": "hidden",
                        "whiteSpace": "pre",
                      }
                    }
                  >
                    
                  </div>
                </div>
              </div>
            </div>
            <div
              className="fuse-chip-select__indicators css-1hb7zxy-IndicatorsContainer"
            >
              <div
                aria-hidden="true"
                className="fuse-chip-select__indicator fuse-chip-select__clear-indicator css-tlfecz-indicatorContainer"
                onMouseDown={[Function]}
                onTouchEnd={[Function]}
              >
                <svg
                  aria-hidden="true"
                  className="css-6q0nyr-Svg"
                  focusable="false"
                  height={20}
                  viewBox="0 0 20 20"
                  width={20}
                >
                  <path
                    d="M14.348 14.849c-0.469 0.469-1.229 0.469-1.697 0l-2.651-3.030-2.651 3.029c-0.469 0.469-1.229 0.469-1.697 0-0.469-0.469-0.469-1.229 0-1.697l2.758-3.15-2.759-3.152c-0.469-0.469-0.469-1.228 0-1.697s1.228-0.469 1.697 0l2.652 3.031 2.651-3.031c0.469-0.469 1.228-0.469 1.697 0s0.469 1.229 0 1.697l-2.758 3.152 2.758 3.15c0.469 0.469 0.469 1.229 0 1.698z"
                  />
                </svg>
              </div>
              <span
                className="fuse-chip-select__indicator-separator css-1okebmr-indicatorSeparator"
              />
              <div
                aria-hidden="true"
                className="fuse-chip-select__indicator fuse-chip-select__dropdown-indicator css-tlfecz-indicatorContainer"
                onMouseDown={[Function]}
                onTouchEnd={[Function]}
              >
                <svg
                  aria-hidden="true"
                  className="css-6q0nyr-Svg"
                  focusable="false"
                  height={20}
                  viewBox="0 0 20 20"
                  width={20}
                >
                  <path
                    d="M4.516 7.548c0.436-0.446 1.043-0.481 1.576 0l3.908 3.747 3.908-3.747c0.533-0.481 1.141-0.446 1.574 0 0.436 0.445 0.408 1.197 0 1.615-0.406 0.418-4.695 4.502-4.695 4.502-0.217 0.223-0.502 0.335-0.787 0.335s-0.57-0.112-0.789-0.335c0 0-4.287-4.084-4.695-4.502s-0.436-1.17 0-1.615z"
                  />
                </svg>
              </div>
            </div>
          </div>
          <fieldset
            aria-hidden={true}
            className="PrivateNotchedOutline-root-1 MuiOutlinedInput-notchedOutline"
          >
            <legend
              className="PrivateNotchedOutline-legendLabelled-3 PrivateNotchedOutline-legendNotched-4"
            >
              <span>
                Tags
              </span>
            </legend>
          </fieldset>
        </div>
      </div>
    </div>
  </div>
  <div>
    <div
      className="flex justify-center sm:justify-start flex-wrap -mx-8"
    >
      <label
        className="flex items-center justify-center relative w-128 h-128 rounded-4 mx-8 mb-16 overflow-hidden cursor-pointer shadow-1 hover:shadow-5"
        htmlFor="button-file"
      >
        <input
          accept="image/*"
          className="hidden"
          id="button-file"
          onChange={[MockFunction]}
          type="file"
        />
        <span
          aria-hidden={true}
          className="material-icons MuiIcon-root MuiIcon-colorAction MuiIcon-fontSizeLarge"
        >
          cloud_upload
        </span>
      </label>
      <div
        className="flex items-center justify-center relative w-128 h-128 rounded-4 mx-8 mb-16 overflow-hidden cursor-pointer shadow-1 hover:shadow-5 featured"
        onClick={[Function]}
        onKeyDown={[Function]}
        role="button"
        tabIndex={0}
      >
        <span
          aria-hidden={true}
          className="material-icons MuiIcon-root"
        >
          star
        </span>
        <img
          alt="product"
          className="max-w-none w-auto h-full"
          src="https://test.png"
        />
      </div>
    </div>
  </div>
  <div
    className="MuiFormControl-root MuiTextField-root mt-8 mb-16 MuiFormControl-fullWidth"
  >
    <label
      className="MuiFormLabel-root MuiInputLabel-root MuiInputLabel-formControl MuiInputLabel-animated MuiInputLabel-outlined"
      data-shrink={false}
      htmlFor="price"
      id="price-label"
    >
      Price
    </label>
    <div
      className="MuiInputBase-root MuiOutlinedInput-root MuiInputBase-fullWidth MuiInputBase-formControl"
      onClick={[Function]}
    >
      <input
        aria-invalid={false}
        autoFocus={true}
        className="MuiInputBase-input MuiOutlinedInput-input"
        data-cy="cy-product-input-price"
        disabled={false}
        id="price"
        name="price"
        onAnimationStart={[Function]}
        onBlur={[Function]}
        onChange={[Function]}
        onFocus={[Function]}
        required={false}
        type="number"
      />
      <fieldset
        aria-hidden={true}
        className="PrivateNotchedOutline-root-1 MuiOutlinedInput-notchedOutline"
      >
        <legend
          className="PrivateNotchedOutline-legendLabelled-3"
        >
          <span>
            Price
          </span>
        </legend>
      </fieldset>
    </div>
  </div>
  <div
    className="MuiFormControl-root MuiTextField-root mt-8 mb-16 MuiFormControl-fullWidth"
  >
    <label
      className="MuiFormLabel-root MuiInputLabel-root MuiInputLabel-formControl MuiInputLabel-animated MuiInputLabel-outlined"
      data-shrink={false}
      htmlFor="quantity"
      id="quantity-label"
    >
      Quantity
    </label>
    <div
      className="MuiInputBase-root MuiOutlinedInput-root MuiInputBase-fullWidth MuiInputBase-formControl"
      onClick={[Function]}
    >
      <input
        aria-invalid={false}
        autoFocus={false}
        className="MuiInputBase-input MuiOutlinedInput-input"
        data-cy="cy-product-input-quantity"
        disabled={false}
        id="quantity"
        name="quantity"
        onAnimationStart={[Function]}
        onBlur={[Function]}
        onChange={[Function]}
        onFocus={[Function]}
        required={false}
        type="number"
        value="1"
      />
      <fieldset
        aria-hidden={true}
        className="PrivateNotchedOutline-root-1 MuiOutlinedInput-notchedOutline"
      >
        <legend
          className="PrivateNotchedOutline-legendLabelled-3"
        >
          <span>
            Quantity
          </span>
        </legend>
      </fieldset>
    </div>
  </div>
  <div
    className="MuiFormControl-root MuiTextField-root mt-8 mb-16 MuiFormControl-fullWidth"
  >
    <label
      className="MuiFormLabel-root MuiInputLabel-root MuiInputLabel-formControl MuiInputLabel-animated MuiInputLabel-outlined"
      data-shrink={false}
      htmlFor="extraShippingFee"
      id="extraShippingFee-label"
    >
      Shipping Fee
    </label>
    <div
      className="MuiInputBase-root MuiOutlinedInput-root MuiInputBase-fullWidth MuiInputBase-formControl"
      onClick={[Function]}
    >
      <input
        aria-invalid={false}
        autoFocus={false}
        className="MuiInputBase-input MuiOutlinedInput-input"
        data-cy="cy-product-input-shipping"
        disabled={false}
        id="extraShippingFee"
        name="extraShippingFee"
        onAnimationStart={[Function]}
        onBlur={[Function]}
        onChange={[Function]}
        onFocus={[Function]}
        required={false}
        type="text"
        value="1"
      />
      <fieldset
        aria-hidden={true}
        className="PrivateNotchedOutline-root-1 MuiOutlinedInput-notchedOutline"
      >
        <legend
          className="PrivateNotchedOutline-legendLabelled-3"
        >
          <span>
            Shipping Fee
          </span>
        </legend>
      </fieldset>
    </div>
  </div>
</div>
`;
