// Jest Snapshot v1, https://goo.gl/fbAQLP

exports[`Products should render correctly 1`] = `
<div
  className="flex flex-1 w-full items-center justify-between"
>
  <div
    className="flex flex-col items-start max-w-full"
  >
    <a
      className="MuiTypography-root normal-case flex items-center sm:mb-12 MuiTypography-body1 MuiTypography-colorInherit"
      href="/products"
      onClick={[Function]}
      role="button"
      style={
        Object {
          "visibility": "hidden",
        }
      }
    >
      <span
        aria-hidden={true}
        className="material-icons MuiIcon-root text-20"
      >
        arrow_back
      </span>
      <span
        className="mx-4"
      >
        Products
      </span>
    </a>
    <div
      className="flex items-center max-w-full"
    >
      <img
        alt="Orion An"
        className="w-32 sm:w-48 rounded"
        src="https://test.png"
        style={
          Object {
            "visibility": "hidden",
          }
        }
      />
      <div
        className="flex flex-col min-w-0 mx-8 sm:mc-16"
      >
        <p
          className="MuiTypography-root text-16 sm:text-20 truncate MuiTypography-body1"
          style={
            Object {
              "visibility": "hidden",
            }
          }
        >
          Orion An
        </p>
        <span
          className="MuiTypography-root MuiTypography-caption"
          style={
            Object {
              "visibility": "hidden",
            }
          }
        >
          Product Detail
        </span>
      </div>
    </div>
  </div>
  <button
    className="MuiButtonBase-root MuiButton-root MuiButton-contained whitespace-no-wrap normal-case MuiButton-containedSecondary Mui-disabled Mui-disabled"
    disabled={true}
    onBlur={[Function]}
    onClick={[Function]}
    onDragLeave={[Function]}
    onFocus={[Function]}
    onKeyDown={[Function]}
    onKeyUp={[Function]}
    onMouseDown={[Function]}
    onMouseLeave={[Function]}
    onMouseUp={[Function]}
    onTouchEnd={[Function]}
    onTouchMove={[Function]}
    onTouchStart={[Function]}
    style={
      Object {
        "visibility": "hidden",
      }
    }
    tabIndex={-1}
    type="button"
  >
    <span
      className="MuiButton-label"
    >
      Save
    </span>
  </button>
</div>
`;
